Traceback (most recent call last):
  File "/usr/local/python/3.14.2/lib/python3.14/site-packages/jupyter_cache/executors/utils.py", line 58, in single_nb_execution
    executenb(
    ~~~~~~~~~^
        nb,
        ^^^
    ...<4 lines>...
        **kwargs,
        ^^^^^^^^^
    )
    ^
  File "/home/codespace/.local/lib/python3.14/site-packages/nbclient/client.py", line 1323, in execute
    return NotebookClient(nb=nb, resources=resources, km=km, **kwargs).execute()
           ~~~~~~~~~~~~~~~~~~~~~~~~~~~~~~~~~~~~~~~~~~~~~~~~~~~~~~~~~~~~~~~~~~~^^
  File "/home/codespace/.local/lib/python3.14/site-packages/jupyter_core/utils/__init__.py", line 165, in wrapped
    return loop.run_until_complete(inner)
           ~~~~~~~~~~~~~~~~~~~~~~~^^^^^^^
  File "/usr/local/python/3.14.2/lib/python3.14/asyncio/base_events.py", line 719, in run_until_complete
    return future.result()
           ~~~~~~~~~~~~~^^
  File "/home/codespace/.local/lib/python3.14/site-packages/nbclient/client.py", line 709, in async_execute
    await self.async_execute_cell(
        cell, index, execution_count=self.code_cells_executed + 1
    )
  File "/home/codespace/.local/lib/python3.14/site-packages/nbclient/client.py", line 1062, in async_execute_cell
    await self._check_raise_for_error(cell, cell_index, exec_reply)
  File "/home/codespace/.local/lib/python3.14/site-packages/nbclient/client.py", line 918, in _check_raise_for_error
    raise CellExecutionError.from_cell_and_msg(cell, exec_reply_content)
nbclient.exceptions.CellExecutionError: An error occurred while executing the following cell:
------------------
import pandas as pd
import numpy as np
import matplotlib.pyplot as plt

POLUTAN_TARGET = ["CO", "NO2", "SO2"]

df = pd.read_csv("data_polutan_waru.csv")
df["tanggal"] = pd.to_datetime(df["tanggal"])
df = df.sort_values("tanggal").reset_index(drop=True)

# Menyimpan data asli (sebelum penanganan) untuk keperluan perbandingan/visualisasi
df_awal = df.copy()

sinyal_bersih = {}
ringkasan_missing_list = []
batas_iqr = {}
outliers_iqr_dict = {}

for pol in POLUTAN_TARGET:
    df[pol] = pd.to_numeric(df[pol], errors="coerce")

    # Missing value pada data awal (sebelum outlier ditangani)
    n_missing_awal = df[pol].isna().sum()
    persen_missing_awal = (n_missing_awal / len(df)) * 100

    # Deteksi outlier dengan metode IQR
    q1, q3 = df[pol].quantile([0.25, 0.75])
    iqr = q3 - q1
    lower = q1 - 1.5 * iqr
    upper = q3 + 1.5 * iqr

    kondisi_outlier = (df[pol] < lower) | (df[pol] > upper)
    outliers_iqr_dict[pol] = df.loc[kondisi_outlier, ["tanggal", pol]].copy()
    jumlah_outlier = kondisi_outlier.sum()
    batas_iqr[pol] = {"lower": lower, "upper": upper}

    # Outlier dijadikan NaN agar ikut ditangani pada tahap imputasi
    df.loc[kondisi_outlier, pol] = np.nan

    # Missing value setelah deteksi outlier
    n_missing_setelah_outlier = df[pol].isna().sum()
    persen_missing_setelah_outlier = (n_missing_setelah_outlier / len(df)) * 100

    # Imputasi berdasarkan waktu (time-based interpolation), sisa di ujung data diisi ffill/bfill
    hasil_interpolasi = (
        df.set_index("tanggal")[[pol]]
        .interpolate(method="time")
        .ffill()
        .bfill()
    )

    n_missing_sesudah = hasil_interpolasi[pol].isna().sum()
    sinyal_bersih[pol] = hasil_interpolasi[pol].astype(float).values

    ringkasan_missing_list.append({
        "polutan": pol,
        "missing_awal": n_missing_awal,
        "persen_awal": persen_missing_awal,
        "jumlah_outlier": jumlah_outlier,
        "missing_setelah_outlier": n_missing_setelah_outlier,
        "persen_setelah_outlier": persen_missing_setelah_outlier,
        "missing_sesudah_imputasi": n_missing_sesudah,
    })

    print(f"\n===== {pol} =====")
    print(f"Missing value awal               : {n_missing_awal} ({persen_missing_awal:.2f}%)")
    print(f"Jumlah outlier (IQR)              : {jumlah_outlier}")
    print(f"Missing setelah deteksi outlier    : {n_missing_setelah_outlier} ({persen_missing_setelah_outlier:.2f}%)")
    print(f"Missing setelah imputasi           : {n_missing_sesudah} ({(n_missing_sesudah/len(df))*100:.2f}%)")

# Data hasil penanganan lengkap, dengan kolom tanggal yang tetap sama seperti data asli
df_setelah = df_awal.copy()
for pol in POLUTAN_TARGET:
    df_setelah[pol] = sinyal_bersih[pol]

print("\nPreprocessing selesai untuk:", POLUTAN_TARGET)
------------------


[31m---------------------------------------------------------------------------[39m
[31mModuleNotFoundError[39m                       Traceback (most recent call last)
[36mCell[39m[36m [39m[32mIn[2][39m[32m, line 3[39m
[32m      1[39m [38;5;28;01mimport[39;00m pandas [38;5;28;01mas[39;00m pd
[32m      2[39m [38;5;28;01mimport[39;00m numpy [38;5;28;01mas[39;00m np
[32m----> [39m[32m3[39m [38;5;28;01mimport[39;00m matplotlib.pyplot [38;5;28;01mas[39;00m plt
[32m      4[39m 
[32m      5[39m POLUTAN_TARGET = [[33m"CO"[39m, [33m"NO2"[39m, [33m"SO2"[39m]
[32m      6[39m 

[31mModuleNotFoundError[39m: No module named 'matplotlib'

