Traceback (most recent call last):
  File "/usr/local/python/3.14.2/lib/python3.14/site-packages/jupyter_cache/executors/utils.py", line 58, in single_nb_execution
    executenb(
    ~~~~~~~~~^
        nb,
        ^^^
    ...<4 lines>...
        **kwargs,
        ^^^^^^^^^
    )
    ^
  File "/home/codespace/.local/lib/python3.14/site-packages/nbclient/client.py", line 1323, in execute
    return NotebookClient(nb=nb, resources=resources, km=km, **kwargs).execute()
           ~~~~~~~~~~~~~~~~~~~~~~~~~~~~~~~~~~~~~~~~~~~~~~~~~~~~~~~~~~~~~~~~~~~^^
  File "/home/codespace/.local/lib/python3.14/site-packages/jupyter_core/utils/__init__.py", line 165, in wrapped
    return loop.run_until_complete(inner)
           ~~~~~~~~~~~~~~~~~~~~~~~^^^^^^^
  File "/usr/local/python/3.14.2/lib/python3.14/asyncio/base_events.py", line 719, in run_until_complete
    return future.result()
           ~~~~~~~~~~~~~^^
  File "/home/codespace/.local/lib/python3.14/site-packages/nbclient/client.py", line 709, in async_execute
    await self.async_execute_cell(
        cell, index, execution_count=self.code_cells_executed + 1
    )
  File "/home/codespace/.local/lib/python3.14/site-packages/nbclient/client.py", line 1062, in async_execute_cell
    await self._check_raise_for_error(cell, cell_index, exec_reply)
  File "/home/codespace/.local/lib/python3.14/site-packages/nbclient/client.py", line 918, in _check_raise_for_error
    raise CellExecutionError.from_cell_and_msg(cell, exec_reply_content)
nbclient.exceptions.CellExecutionError: An error occurred while executing the following cell:
------------------
from google.colab import userdata
from sqlalchemy.engine import URL

AIVEN_HOST = userdata.get("AIVEN_HOST")
AIVEN_PORT = int(userdata.get("AIVEN_PORT"))
AIVEN_DB = userdata.get("AIVEN_DB")
AIVEN_USER = userdata.get("AIVEN_USER")
AIVEN_PASSWORD = userdata.get("AIVEN_PASSWORD")

# URL.create meng-encode karakter khusus pada password (mis. '#', '@') secara otomatis
db_url = URL.create(
    drivername="mysql+pymysql",
    username=AIVEN_USER,
    password=AIVEN_PASSWORD,
    host=AIVEN_HOST,
    port=AIVEN_PORT,
    database=AIVEN_DB,
)

engine = create_engine(db_url)

print("Koneksi Aiven siap digunakan.")
------------------


[31m---------------------------------------------------------------------------[39m
[31mModuleNotFoundError[39m                       Traceback (most recent call last)
[36mCell[39m[36m [39m[32mIn[3][39m[32m, line 1[39m
[32m----> [39m[32m1[39m [38;5;28;01mfrom[39;00m google.colab [38;5;28;01mimport[39;00m userdata
[32m      2[39m [38;5;28;01mfrom[39;00m sqlalchemy.engine [38;5;28;01mimport[39;00m URL
[32m      3[39m 
[32m      4[39m AIVEN_HOST = userdata.get([33m"AIVEN_HOST"[39m)

[31mModuleNotFoundError[39m: No module named 'google'

