Traceback (most recent call last):
  File "/usr/local/python/3.14.2/lib/python3.14/site-packages/jupyter_cache/executors/utils.py", line 58, in single_nb_execution
    executenb(
    ~~~~~~~~~^
        nb,
        ^^^
    ...<4 lines>...
        **kwargs,
        ^^^^^^^^^
    )
    ^
  File "/home/codespace/.local/lib/python3.14/site-packages/nbclient/client.py", line 1323, in execute
    return NotebookClient(nb=nb, resources=resources, km=km, **kwargs).execute()
           ~~~~~~~~~~~~~~~~~~~~~~~~~~~~~~~~~~~~~~~~~~~~~~~~~~~~~~~~~~~~~~~~~~~^^
  File "/home/codespace/.local/lib/python3.14/site-packages/jupyter_core/utils/__init__.py", line 165, in wrapped
    return loop.run_until_complete(inner)
           ~~~~~~~~~~~~~~~~~~~~~~~^^^^^^^
  File "/usr/local/python/3.14.2/lib/python3.14/asyncio/base_events.py", line 719, in run_until_complete
    return future.result()
           ~~~~~~~~~~~~~^^
  File "/home/codespace/.local/lib/python3.14/site-packages/nbclient/client.py", line 709, in async_execute
    await self.async_execute_cell(
        cell, index, execution_count=self.code_cells_executed + 1
    )
  File "/home/codespace/.local/lib/python3.14/site-packages/nbclient/client.py", line 1062, in async_execute_cell
    await self._check_raise_for_error(cell, cell_index, exec_reply)
  File "/home/codespace/.local/lib/python3.14/site-packages/nbclient/client.py", line 918, in _check_raise_for_error
    raise CellExecutionError.from_cell_and_msg(cell, exec_reply_content)
nbclient.exceptions.CellExecutionError: An error occurred while executing the following cell:
------------------
import zipfile

IN_COLAB = "google.colab" in sys.modules
BASE_DIR = Path("/content") if IN_COLAB else Path.cwd()
ZIP_SAWAH = BASE_DIR / "sawah.zip"
ZIP_NONSAWAH = BASE_DIR / "non-sawah.zip"

# Di Google Colab: unggah sawah.zip dan non-sawah.zip
# (serta sentinel2a_aoi.tif bila citra sudah diunduh sendiri)
if IN_COLAB and not (ZIP_SAWAH.exists() and ZIP_NONSAWAH.exists()):
    from google.colab import files
    print("Unggah sawah.zip, non-sawah.zip, dan (opsional) sentinel2a_aoi.tif")
    files.upload()

for berkas in (ZIP_SAWAH, ZIP_NONSAWAH):
    if not berkas.exists():
        raise FileNotFoundError(f"{berkas.name} tidak ditemukan di {BASE_DIR}")

for berkas, folder in ((ZIP_SAWAH, "datasawah50"), (ZIP_NONSAWAH, "nonsawah")):
    with zipfile.ZipFile(berkas) as zf:
        zf.extractall(BASE_DIR / folder)

print("Folder kerja:", BASE_DIR)
print("Sawah    :", sorted(p.name for p in (BASE_DIR / "datasawah50").iterdir()))
print("Non-sawah:", sorted(p.name for p in (BASE_DIR / "nonsawah").iterdir()))
------------------


[31m---------------------------------------------------------------------------[39m
[31mFileNotFoundError[39m                         Traceback (most recent call last)
[36mCell[39m[36m [39m[32mIn[3][39m[32m, line 17[39m
[32m     13[39m     files.upload()
[32m     14[39m 
[32m     15[39m [38;5;28;01mfor[39;00m berkas [38;5;28;01min[39;00m (ZIP_SAWAH, ZIP_NONSAWAH):
[32m     16[39m     [38;5;28;01mif[39;00m [38;5;28;01mnot[39;00m berkas.exists():
[32m---> [39m[32m17[39m         [38;5;28;01mraise[39;00m FileNotFoundError(f"{berkas.name} tidak ditemukan di {BASE_DIR}")
[32m     18[39m 
[32m     19[39m [38;5;28;01mfor[39;00m berkas, folder [38;5;28;01min[39;00m ((ZIP_SAWAH, [33m"datasawah50"[39m), (ZIP_NONSAWAH, [33m"nonsawah"[39m)):
[32m     20[39m     [38;5;28;01mwith[39;00m zipfile.ZipFile(berkas) [38;5;28;01mas[39;00m zf:

[31mFileNotFoundError[39m: sawah.zip tidak ditemukan di /workspaces/PSD/PSD

